(venv) azzedine@katana ➜  dgadb git:(adding-methods-Node2Vec-and-GAT-Azzedine) ✗ cd /home/azzedine/Projects/dgadb && BASE_PATH=/home/azzedine/Projects/dgadb PYTHONPATH=/home/azzedine/Projects/dgadb python3 src/dgadb/pipeline/pipeline_EvolveGCN.py
2025-08-23 16:33:55,226 - __main__ - INFO - Starting EvolveGCN pipeline for dataset: bitcoin-alpha
2025-08-23 16:33:55,226 - __main__ - INFO - Using device: cuda
2025-08-23 16:33:55,226 - __main__ - INFO - Model hyperparameters: {'embedding_dim': 16, 'num_epoch': 3, 'learning_rate': 0.01, 'hidden_dim': 32, 'num_layers': 1, 'dropout': 0.1, 'remove_self_loops': False, 'variant': 'O', 'decoder_epochs': 5, 'decoder_learning_rate': 0.01}
2025-08-23 16:33:55,226 - __main__ - INFO - Step 1: Loading and preprocessing graph data...
2025-08-23 16:33:55,226 - Pipeline - INFO - Loading config: '/home/azzedine/Projects/dgadb/configs/bitcoin-alpha-example.yaml'
2025-08-23 16:33:55,227 - Pipeline - INFO - Building preprocessing pipeline from config...
2025-08-23 16:33:55,227 - Pipeline - INFO - > Instantiating missing 'DataLoader' step with default parameters.
2025-08-23 16:33:55,227 - Pipeline - INFO - > Instantiating step 1: StructureNormalizer
2025-08-23 16:33:55,228 - Pipeline - INFO - > Instantiating step 2: TimestampNormalizer
2025-08-23 16:33:55,228 - Pipeline - INFO - > Instantiating step 3: TemporalSplitter
2025-08-23 16:33:55,228 - Pipeline - INFO - Found cache directory: 'pipeline_cache/bitcoin-alpha'
2025-08-23 16:33:55,228 - Cache - INFO - Using existing cache directory: 'pipeline_cache/bitcoin-alpha/aa874d41'
2025-08-23 16:33:55,228 - Pipeline - INFO - Pipeline built successfully.
2025-08-23 16:33:55,228 - Pipeline - INFO - >>> ---- Starting data pipeline ----
2025-08-23 16:33:55,228 - Pipeline - INFO - >>> Running step (1/4): DataLoader
2025-08-23 16:33:55,228 - Cache - INFO - Found cached result for 'DataLoader'. Loading from 'pipeline_cache/bitcoin-alpha/aa874d41/00_DataLoader.pkl'
2025-08-23 16:33:55,229 - Pipeline - INFO - >>> Step 'DataLoader' was skipped by loading a cached result.
2025-08-23 16:33:55,229 - Pipeline - INFO - >>> Running step (2/4): StructureNormalizer
2025-08-23 16:33:55,229 - Cache - INFO - Found cached result for 'StructureNormalizer'. Loading from 'pipeline_cache/bitcoin-alpha/aa874d41/01_StructureNormalizer.pkl'
2025-08-23 16:33:55,230 - Pipeline - INFO - >>> Step 'StructureNormalizer' was skipped by loading a cached result.
2025-08-23 16:33:55,230 - Pipeline - INFO - >>> Running step (3/4): TimestampNormalizer
2025-08-23 16:33:55,230 - Cache - INFO - Found cached result for 'TimestampNormalizer'. Loading from 'pipeline_cache/bitcoin-alpha/aa874d41/02_TimestampNormalizer.pkl'
2025-08-23 16:33:55,230 - Pipeline - INFO - >>> Step 'TimestampNormalizer' was skipped by loading a cached result.
2025-08-23 16:33:55,230 - Pipeline - INFO - >>> Running step (4/4): TemporalSplitter
2025-08-23 16:33:55,230 - Cache - INFO - Found cached result for 'TemporalSplitter'. Loading from 'pipeline_cache/bitcoin-alpha/aa874d41/03_TemporalSplitter.pkl'
2025-08-23 16:33:55,231 - Pipeline - INFO - >>> Step 'TemporalSplitter' was skipped by loading a cached result.
2025-08-23 16:33:55,231 - Pipeline - INFO - >>> ---- Pipeline execution finished successfully in 0.00 sec. ----
2025-08-23 16:33:55,231 - src.dgadb.preprocessing.pipeline.container - WARNING - Features have not been normalized. Proceeding with raw features.
2025-08-23 16:33:55,235 - src.dgadb.preprocessing.pipeline.container - INFO - No node features selected. 'node_attr' will be None.
2025-08-23 16:33:55,235 - src.dgadb.preprocessing.pipeline.container - INFO - Using original edge labels from dataframe. Found 247 positive labels out of 16863 total edges.
2025-08-23 16:33:55,235 - src.dgadb.data.builder - INFO - Converting TemporalGraphData to Graph object...
2025-08-23 16:33:55,235 - src.dgadb.data.builder - INFO - Added edge features with shape torch.Size([16863, 1])
2025-08-23 16:33:55,238 - src.dgadb.data.builder - INFO - Created identity node features for 3783 nodes
2025-08-23 16:33:55,239 - src.dgadb.data.builder - INFO - Successfully created Graph with 3783 nodes and 16863 edges
2025-08-23 16:33:55,239 - src.dgadb.data.builder - INFO - Train edges: 11816, Val edges: 1677, Test edges: 3370
2025-08-23 16:33:55,239 - __main__ - INFO - Data processing completed in 0.01 seconds
2025-08-23 16:33:55,239 - __main__ - INFO - Step 2: Initializing EvolveGCN model...
2025-08-23 16:33:55,240 - src.dgadb.models.EvolveGCN.EvolveGCN_main - INFO - Initializing EvolveGCNModel with device=cuda and hyperparams={'embedding_dim': 16, 'num_epoch': 3, 'learning_rate': 0.01, 'hidden_dim': 32, 'num_layers': 1, 'dropout': 0.1, 'remove_self_loops': False, 'variant': 'O', 'decoder_epochs': 5, 'decoder_learning_rate': 0.01}
2025-08-23 16:33:55,240 - src.dgadb.models.EvolveGCN.EvolveGCN_main - INFO - Setting up EvolveGCNModel...
2025-08-23 16:33:55,299 - src.dgadb.preprocessing.snapshotting - INFO - Assigned snapshot IDs to edges only (no node timestamps found).
2025-08-23 16:33:55,301 - src.dgadb.models.EvolveGCN.EvolveGCN_main - INFO - Created 5 temporal snapshots using the preprocessing snapshotting functionality.
2025-08-23 16:33:55,331 - src.dgadb.models.EvolveGCN.EvolveGCN_main - INFO - Prepared data splits - Train: 11816, Test: 3370, Val: 1677
2025-08-23 16:33:55,334 - src.dgadb.models.EvolveGCN.EvolveGCN_main - INFO - Added input projection from 3783 to 128
2025-08-23 16:33:55,478 - src.dgadb.models.EvolveGCN.EvolveGCN_main - INFO - EvolveGCNModel setup completed.
2025-08-23 16:33:55,478 - __main__ - INFO - Model initialization completed.
2025-08-23 16:33:55,478 - __main__ - INFO - Step 3: Training EvolveGCN model...
2025-08-23 16:33:55,478 - src.dgadb.models.EvolveGCN.EvolveGCN_main - INFO - Starting EvolveGCN training for 3 epochs...
2025-08-23 16:33:55,949 - src.dgadb.models.EvolveGCN.EvolveGCN_main - INFO - Epoch 1: pretext_loss=0.6942
2025-08-23 16:33:55,986 - src.dgadb.models.EvolveGCN.EvolveGCN_main - INFO - Epoch 2: pretext_loss=0.6940
2025-08-23 16:33:56,020 - src.dgadb.models.EvolveGCN.EvolveGCN_main - INFO - Epoch 3: pretext_loss=0.6938
2025-08-23 16:33:56,021 - src.dgadb.models.EvolveGCN.EvolveGCN_main - INFO - EvolveGCN encoder training completed
2025-08-23 16:33:56,021 - __main__ - INFO - Training completed in 0.54 seconds
2025-08-23 16:33:56,021 - __main__ - INFO - Step 4: Evaluating model...
2025-08-23 16:33:56,021 - src.dgadb.models.EvolveGCN.EvolveGCN_main - INFO - Training downstream decoder...
2025-08-23 16:33:56,036 - src.dgadb.models.EvolveGCN.EvolveGCN_main - INFO - Decoder training completed
2025-08-23 16:33:56,052 - __main__ - INFO - Test Results:
2025-08-23 16:33:56,052 - __main__ - INFO -   - ROC-AUC Score: 0.5596
2025-08-23 16:33:56,052 - __main__ - INFO -   - Inference Time: 0.00 seconds
2025-08-23 16:33:56,052 - __main__ - INFO - ============================================================
2025-08-23 16:33:56,052 - __main__ - INFO - PIPELINE SUMMARY
2025-08-23 16:33:56,052 - __main__ - INFO - Dataset: bitcoin-alpha, Model: EvolveGCN
2025-08-23 16:33:56,052 - __main__ - INFO - Test AUC: 0.5596, Training Time: 0.54s
2025-08-23 16:33:56,052 - __main__ - INFO - ============================================================
2025-08-23 16:33:56,052 - __main__ - INFO - Pipeline completed successfully!