(venv) azzedine@katana ➜  dgadb git:(adding-methods-Node2Vec-and-GAT-Azzedine) ✗ cd /home/azzedine/Projects/dgadb && BASE_PATH=/home/azzedine/Projects/dgadb PYTHONPATH=/home/azzedine/Projects/dgadb python3 src/dgadb/pipeline/pipeline_JODIE.py
2025-08-23 14:14:59,916 - __main__ - INFO - ================================================================================
2025-08-23 14:14:59,917 - __main__ - INFO - JODIE Pipeline for Dynamic Graph Anomaly Detection
2025-08-23 14:14:59,917 - __main__ - INFO - ================================================================================
2025-08-23 14:14:59,917 - __main__ - INFO - Dataset: bitcoin-alpha-example
2025-08-23 14:14:59,917 - __main__ - INFO - Device: cuda
2025-08-23 14:14:59,917 - __main__ - INFO - Hyperparameters: {'embedding_dim': 128, 'num_epoch': 5, 'learning_rate': 0.001, 'regularization_lambda': 0.001, 'decoder_epochs': 50, 'decoder_learning_rate': 0.01}
2025-08-23 14:14:59,917 - __main__ - INFO - ================================================================================
2025-08-23 14:14:59,917 - __main__ - INFO - Step 1: Loading and preprocessing graph data...
2025-08-23 14:14:59,917 - Pipeline - INFO - Loading config: '/home/azzedine/Projects/dgadb/configs/bitcoin-alpha-example.yaml'
2025-08-23 14:14:59,918 - Pipeline - INFO - Building preprocessing pipeline from config...
2025-08-23 14:14:59,918 - Pipeline - INFO - > Instantiating missing 'DataLoader' step with default parameters.
2025-08-23 14:14:59,918 - Pipeline - INFO - > Instantiating step 1: StructureNormalizer
2025-08-23 14:14:59,918 - Pipeline - INFO - > Instantiating step 2: TimestampNormalizer
2025-08-23 14:14:59,918 - Pipeline - INFO - > Instantiating step 3: TemporalSplitter
2025-08-23 14:14:59,918 - Pipeline - INFO - Found cache directory: 'pipeline_cache/bitcoin-alpha'
2025-08-23 14:14:59,918 - Cache - INFO - Using existing cache directory: 'pipeline_cache/bitcoin-alpha/aa874d41'
2025-08-23 14:14:59,918 - Pipeline - INFO - Pipeline built successfully.
2025-08-23 14:14:59,918 - Pipeline - INFO - >>> ---- Starting data pipeline ----
2025-08-23 14:14:59,918 - Pipeline - INFO - >>> Running step (1/4): DataLoader
2025-08-23 14:14:59,918 - Cache - INFO - Found cached result for 'DataLoader'. Loading from 'pipeline_cache/bitcoin-alpha/aa874d41/00_DataLoader.pkl'
2025-08-23 14:14:59,920 - Pipeline - INFO - >>> Step 'DataLoader' was skipped by loading a cached result.
2025-08-23 14:14:59,920 - Pipeline - INFO - >>> Running step (2/4): StructureNormalizer
2025-08-23 14:14:59,920 - Cache - INFO - Found cached result for 'StructureNormalizer'. Loading from 'pipeline_cache/bitcoin-alpha/aa874d41/01_StructureNormalizer.pkl'
2025-08-23 14:14:59,920 - Pipeline - INFO - >>> Step 'StructureNormalizer' was skipped by loading a cached result.
2025-08-23 14:14:59,920 - Pipeline - INFO - >>> Running step (3/4): TimestampNormalizer
2025-08-23 14:14:59,920 - Cache - INFO - Found cached result for 'TimestampNormalizer'. Loading from 'pipeline_cache/bitcoin-alpha/aa874d41/02_TimestampNormalizer.pkl'
2025-08-23 14:14:59,921 - Pipeline - INFO - >>> Step 'TimestampNormalizer' was skipped by loading a cached result.
2025-08-23 14:14:59,921 - Pipeline - INFO - >>> Running step (4/4): TemporalSplitter
2025-08-23 14:14:59,921 - Cache - INFO - Found cached result for 'TemporalSplitter'. Loading from 'pipeline_cache/bitcoin-alpha/aa874d41/03_TemporalSplitter.pkl'
2025-08-23 14:14:59,922 - Pipeline - INFO - >>> Step 'TemporalSplitter' was skipped by loading a cached result.
2025-08-23 14:14:59,922 - Pipeline - INFO - >>> ---- Pipeline execution finished successfully in 0.00 sec. ----
2025-08-23 14:14:59,922 - src.dgadb.preprocessing.pipeline.container - WARNING - Features have not been normalized. Proceeding with raw features.
2025-08-23 14:14:59,925 - src.dgadb.preprocessing.pipeline.container - INFO - No node features selected. 'node_attr' will be None.
2025-08-23 14:14:59,926 - src.dgadb.preprocessing.pipeline.container - INFO - Using original edge labels from dataframe. Found 247 positive labels out of 16863 total edges.
2025-08-23 14:14:59,926 - src.dgadb.data.builder - INFO - Converting TemporalGraphData to Graph object...
2025-08-23 14:14:59,926 - src.dgadb.data.builder - INFO - Added edge features with shape torch.Size([16863, 1])
2025-08-23 14:14:59,929 - src.dgadb.data.builder - INFO - Created identity node features for 3783 nodes
2025-08-23 14:14:59,930 - src.dgadb.data.builder - INFO - Successfully created Graph with 3783 nodes and 16863 edges
2025-08-23 14:14:59,930 - src.dgadb.data.builder - INFO - Train edges: 11816, Val edges: 1677, Test edges: 3370
2025-08-23 14:14:59,930 - __main__ - INFO - Data processing and conversion completed in 0.01 seconds
2025-08-23 14:14:59,930 - __main__ - INFO - Step 2: Initializing JODIE model...
2025-08-23 14:14:59,930 - src.dgadb.models.JODIE.JODIE_main - INFO - Initializing JODIEModel with device=cuda and hyperparams={'embedding_dim': 128, 'num_epoch': 5, 'learning_rate': 0.001, 'regularization_lambda': 0.001, 'decoder_epochs': 50, 'decoder_learning_rate': 0.01}
2025-08-23 14:14:59,930 - src.dgadb.models.JODIE.JODIE_main - INFO - Setting up JODIEModel...
2025-08-23 14:14:59,998 - src.dgadb.models.JODIE.JODIE_main - INFO - Graph has 3783 nodes and 16863 edges
2025-08-23 14:15:00,679 - src.dgadb.models.JODIE.JODIE_main - INFO - Prepared data splits - Train: 11816, Test: 3370, Val: 1677
2025-08-23 14:15:01,481 - src.dgadb.models.JODIE.JODIE_main - INFO - JODIEModel setup completed
2025-08-23 14:15:01,482 - __main__ - INFO - Model initialization took 1.55 seconds
2025-08-23 14:15:01,482 - __main__ - INFO - Step 3: Training JODIE model...
^C2025-08-23 14:17:28,533 - __main__ - INFO - Pipeline interrupted by user
^C
(venv) azzedine@katana ➜  dgadb git:(adding-methods-Node2Vec-and-GAT-Azzedine) ✗ cd /home/azzedine/Projects/dgadb && BASE_PATH=/home/azzedine/Projects/dgadb PYTHONPATH=/home/azzedine/Projects/dgadb python3 src/dgadb/pipeline/pipeline_JODIE.py
2025-08-23 14:17:32,535 - __main__ - INFO - ================================================================================
2025-08-23 14:17:32,535 - __main__ - INFO - JODIE Pipeline for Dynamic Graph Anomaly Detection
2025-08-23 14:17:32,535 - __main__ - INFO - ================================================================================
2025-08-23 14:17:32,535 - __main__ - INFO - Dataset: bitcoin-alpha-example
2025-08-23 14:17:32,535 - __main__ - INFO - Device: cuda
2025-08-23 14:17:32,535 - __main__ - INFO - Hyperparameters: {'embedding_dim': 128, 'num_epoch': 5, 'learning_rate': 0.001, 'regularization_lambda': 0.001, 'decoder_epochs': 50, 'decoder_learning_rate': 0.01}
2025-08-23 14:17:32,535 - __main__ - INFO - ================================================================================
2025-08-23 14:17:32,535 - __main__ - INFO - Step 1: Loading and preprocessing graph data...
2025-08-23 14:17:32,535 - Pipeline - INFO - Loading config: '/home/azzedine/Projects/dgadb/configs/bitcoin-alpha-example.yaml'
2025-08-23 14:17:32,537 - Pipeline - INFO - Building preprocessing pipeline from config...
2025-08-23 14:17:32,537 - Pipeline - INFO - > Instantiating missing 'DataLoader' step with default parameters.
2025-08-23 14:17:32,537 - Pipeline - INFO - > Instantiating step 1: StructureNormalizer
2025-08-23 14:17:32,537 - Pipeline - INFO - > Instantiating step 2: TimestampNormalizer
2025-08-23 14:17:32,537 - Pipeline - INFO - > Instantiating step 3: TemporalSplitter
2025-08-23 14:17:32,537 - Pipeline - INFO - Found cache directory: 'pipeline_cache/bitcoin-alpha'
2025-08-23 14:17:32,537 - Cache - INFO - Using existing cache directory: 'pipeline_cache/bitcoin-alpha/aa874d41'
2025-08-23 14:17:32,537 - Pipeline - INFO - Pipeline built successfully.
2025-08-23 14:17:32,537 - Pipeline - INFO - >>> ---- Starting data pipeline ----
2025-08-23 14:17:32,537 - Pipeline - INFO - >>> Running step (1/4): DataLoader
2025-08-23 14:17:32,537 - Cache - INFO - Found cached result for 'DataLoader'. Loading from 'pipeline_cache/bitcoin-alpha/aa874d41/00_DataLoader.pkl'
2025-08-23 14:17:32,539 - Pipeline - INFO - >>> Step 'DataLoader' was skipped by loading a cached result.
2025-08-23 14:17:32,539 - Pipeline - INFO - >>> Running step (2/4): StructureNormalizer
2025-08-23 14:17:32,539 - Cache - INFO - Found cached result for 'StructureNormalizer'. Loading from 'pipeline_cache/bitcoin-alpha/aa874d41/01_StructureNormalizer.pkl'
2025-08-23 14:17:32,539 - Pipeline - INFO - >>> Step 'StructureNormalizer' was skipped by loading a cached result.
2025-08-23 14:17:32,539 - Pipeline - INFO - >>> Running step (3/4): TimestampNormalizer
2025-08-23 14:17:32,539 - Cache - INFO - Found cached result for 'TimestampNormalizer'. Loading from 'pipeline_cache/bitcoin-alpha/aa874d41/02_TimestampNormalizer.pkl'
2025-08-23 14:17:32,540 - Pipeline - INFO - >>> Step 'TimestampNormalizer' was skipped by loading a cached result.
2025-08-23 14:17:32,540 - Pipeline - INFO - >>> Running step (4/4): TemporalSplitter
2025-08-23 14:17:32,540 - Cache - INFO - Found cached result for 'TemporalSplitter'. Loading from 'pipeline_cache/bitcoin-alpha/aa874d41/03_TemporalSplitter.pkl'
2025-08-23 14:17:32,541 - Pipeline - INFO - >>> Step 'TemporalSplitter' was skipped by loading a cached result.
2025-08-23 14:17:32,541 - Pipeline - INFO - >>> ---- Pipeline execution finished successfully in 0.00 sec. ----
2025-08-23 14:17:32,541 - src.dgadb.preprocessing.pipeline.container - WARNING - Features have not been normalized. Proceeding with raw features.
2025-08-23 14:17:32,544 - src.dgadb.preprocessing.pipeline.container - INFO - No node features selected. 'node_attr' will be None.
2025-08-23 14:17:32,545 - src.dgadb.preprocessing.pipeline.container - INFO - Using original edge labels from dataframe. Found 247 positive labels out of 16863 total edges.
2025-08-23 14:17:32,545 - src.dgadb.data.builder - INFO - Converting TemporalGraphData to Graph object...
2025-08-23 14:17:32,545 - src.dgadb.data.builder - INFO - Added edge features with shape torch.Size([16863, 1])
2025-08-23 14:17:32,549 - src.dgadb.data.builder - INFO - Created identity node features for 3783 nodes
2025-08-23 14:17:32,550 - src.dgadb.data.builder - INFO - Successfully created Graph with 3783 nodes and 16863 edges
2025-08-23 14:17:32,550 - src.dgadb.data.builder - INFO - Train edges: 11816, Val edges: 1677, Test edges: 3370
2025-08-23 14:17:32,550 - __main__ - INFO - Data processing and conversion completed in 0.02 seconds
2025-08-23 14:17:32,550 - __main__ - INFO - Step 2: Initializing JODIE model...
2025-08-23 14:17:32,550 - src.dgadb.models.JODIE.JODIE_main - INFO - Initializing JODIEModel with device=cuda and hyperparams={'embedding_dim': 128, 'num_epoch': 5, 'learning_rate': 0.001, 'regularization_lambda': 0.001, 'decoder_epochs': 50, 'decoder_learning_rate': 0.01}
2025-08-23 14:17:32,550 - src.dgadb.models.JODIE.JODIE_main - INFO - Setting up JODIEModel...
2025-08-23 14:17:32,616 - src.dgadb.models.JODIE.JODIE_main - INFO - Graph has 3783 nodes and 16863 edges
2025-08-23 14:17:33,401 - src.dgadb.models.JODIE.JODIE_main - INFO - Prepared data splits - Train: 11816, Test: 3370, Val: 1677
2025-08-23 14:17:34,224 - src.dgadb.models.JODIE.JODIE_main - INFO - JODIEModel setup completed
2025-08-23 14:17:34,224 - __main__ - INFO - Model initialization took 1.67 seconds
2025-08-23 14:17:34,224 - __main__ - INFO - Step 3: Training JODIE model...
2025-08-23 14:17:34,224 - src.dgadb.models.JODIE.JODIE_main - INFO - Processing 1000 out of 11816 interactions for this epoch
2025-08-23 14:17:34,224 - src.dgadb.models.JODIE.JODIE_main - INFO - Processing interaction 0/1000
2025-08-23 14:17:35,844 - src.dgadb.models.JODIE.JODIE_main - INFO - Processing interaction 100/1000
2025-08-23 14:17:37,378 - src.dgadb.models.JODIE.JODIE_main - INFO - Processing interaction 200/1000
2025-08-23 14:17:38,819 - src.dgadb.models.JODIE.JODIE_main - INFO - Processing interaction 300/1000
2025-08-23 14:17:40,419 - src.dgadb.models.JODIE.JODIE_main - INFO - Processing interaction 400/1000
2025-08-23 14:17:41,972 - src.dgadb.models.JODIE.JODIE_main - INFO - Processing interaction 500/1000
2025-08-23 14:17:43,476 - src.dgadb.models.JODIE.JODIE_main - INFO - Processing interaction 600/1000
2025-08-23 14:17:45,004 - src.dgadb.models.JODIE.JODIE_main - INFO - Processing interaction 700/1000
2025-08-23 14:17:46,485 - src.dgadb.models.JODIE.JODIE_main - INFO - Processing interaction 800/1000
2025-08-23 14:17:47,716 - src.dgadb.models.JODIE.JODIE_main - INFO - Processing interaction 900/1000
2025-08-23 14:17:49,144 - src.dgadb.models.JODIE.JODIE_main - INFO - Epoch training loss: 9232739911.1740
2025-08-23 14:17:49,144 - __main__ - INFO - Epoch 1/5 completed in 14.92s
2025-08-23 14:17:49,144 - src.dgadb.models.JODIE.JODIE_main - INFO - Processing 1000 out of 11816 interactions for this epoch
2025-08-23 14:17:49,144 - src.dgadb.models.JODIE.JODIE_main - INFO - Processing interaction 0/1000
2025-08-23 14:17:50,365 - src.dgadb.models.JODIE.JODIE_main - INFO - Processing interaction 100/1000
2025-08-23 14:17:51,785 - src.dgadb.models.JODIE.JODIE_main - INFO - Processing interaction 200/1000
2025-08-23 14:17:53,146 - src.dgadb.models.JODIE.JODIE_main - INFO - Processing interaction 300/1000
2025-08-23 14:17:54,602 - src.dgadb.models.JODIE.JODIE_main - INFO - Processing interaction 400/1000
2025-08-23 14:17:56,030 - src.dgadb.models.JODIE.JODIE_main - INFO - Processing interaction 500/1000
2025-08-23 14:17:57,404 - src.dgadb.models.JODIE.JODIE_main - INFO - Processing interaction 600/1000
2025-08-23 14:17:58,843 - src.dgadb.models.JODIE.JODIE_main - INFO - Processing interaction 700/1000
2025-08-23 14:18:00,210 - src.dgadb.models.JODIE.JODIE_main - INFO - Processing interaction 800/1000
2025-08-23 14:18:01,436 - src.dgadb.models.JODIE.JODIE_main - INFO - Processing interaction 900/1000
2025-08-23 14:18:02,861 - src.dgadb.models.JODIE.JODIE_main - INFO - Epoch training loss: 2533420610.3030
2025-08-23 14:18:02,862 - __main__ - INFO - Epoch 2/5 completed in 13.72s
2025-08-23 14:18:02,862 - src.dgadb.models.JODIE.JODIE_main - INFO - Processing 1000 out of 11816 interactions for this epoch
2025-08-23 14:18:02,862 - src.dgadb.models.JODIE.JODIE_main - INFO - Processing interaction 0/1000
2025-08-23 14:18:04,061 - src.dgadb.models.JODIE.JODIE_main - INFO - Processing interaction 100/1000
2025-08-23 14:18:05,475 - src.dgadb.models.JODIE.JODIE_main - INFO - Processing interaction 200/1000
2025-08-23 14:18:06,825 - src.dgadb.models.JODIE.JODIE_main - INFO - Processing interaction 300/1000
2025-08-23 14:18:08,271 - src.dgadb.models.JODIE.JODIE_main - INFO - Processing interaction 400/1000
2025-08-23 14:18:09,703 - src.dgadb.models.JODIE.JODIE_main - INFO - Processing interaction 500/1000
2025-08-23 14:18:11,083 - src.dgadb.models.JODIE.JODIE_main - INFO - Processing interaction 600/1000
2025-08-23 14:18:12,517 - src.dgadb.models.JODIE.JODIE_main - INFO - Processing interaction 700/1000
2025-08-23 14:18:13,890 - src.dgadb.models.JODIE.JODIE_main - INFO - Processing interaction 800/1000
2025-08-23 14:18:15,121 - src.dgadb.models.JODIE.JODIE_main - INFO - Processing interaction 900/1000
2025-08-23 14:18:16,536 - src.dgadb.models.JODIE.JODIE_main - INFO - Epoch training loss: 8003527565.4694
2025-08-23 14:18:16,536 - __main__ - INFO - Epoch 3/5 completed in 13.67s
2025-08-23 14:18:16,536 - src.dgadb.models.JODIE.JODIE_main - INFO - Processing 1000 out of 11816 interactions for this epoch
2025-08-23 14:18:16,536 - src.dgadb.models.JODIE.JODIE_main - INFO - Processing interaction 0/1000
2025-08-23 14:18:17,738 - src.dgadb.models.JODIE.JODIE_main - INFO - Processing interaction 100/1000
2025-08-23 14:18:19,149 - src.dgadb.models.JODIE.JODIE_main - INFO - Processing interaction 200/1000
2025-08-23 14:18:20,503 - src.dgadb.models.JODIE.JODIE_main - INFO - Processing interaction 300/1000
2025-08-23 14:18:21,947 - src.dgadb.models.JODIE.JODIE_main - INFO - Processing interaction 400/1000
2025-08-23 14:18:23,356 - src.dgadb.models.JODIE.JODIE_main - INFO - Processing interaction 500/1000
2025-08-23 14:18:24,723 - src.dgadb.models.JODIE.JODIE_main - INFO - Processing interaction 600/1000
2025-08-23 14:18:26,159 - src.dgadb.models.JODIE.JODIE_main - INFO - Processing interaction 700/1000
2025-08-23 14:18:27,525 - src.dgadb.models.JODIE.JODIE_main - INFO - Processing interaction 800/1000
2025-08-23 14:18:28,758 - src.dgadb.models.JODIE.JODIE_main - INFO - Processing interaction 900/1000
2025-08-23 14:18:30,191 - src.dgadb.models.JODIE.JODIE_main - INFO - Epoch training loss: 496777044.0410
2025-08-23 14:18:30,191 - __main__ - INFO - Epoch 4/5 completed in 13.66s
2025-08-23 14:18:30,191 - src.dgadb.models.JODIE.JODIE_main - INFO - Processing 1000 out of 11816 interactions for this epoch
2025-08-23 14:18:30,191 - src.dgadb.models.JODIE.JODIE_main - INFO - Processing interaction 0/1000
2025-08-23 14:18:31,405 - src.dgadb.models.JODIE.JODIE_main - INFO - Processing interaction 100/1000
2025-08-23 14:18:32,837 - src.dgadb.models.JODIE.JODIE_main - INFO - Processing interaction 200/1000
2025-08-23 14:18:34,208 - src.dgadb.models.JODIE.JODIE_main - INFO - Processing interaction 300/1000
2025-08-23 14:18:35,668 - src.dgadb.models.JODIE.JODIE_main - INFO - Processing interaction 400/1000
2025-08-23 14:18:37,098 - src.dgadb.models.JODIE.JODIE_main - INFO - Processing interaction 500/1000
2025-08-23 14:18:38,482 - src.dgadb.models.JODIE.JODIE_main - INFO - Processing interaction 600/1000
2025-08-23 14:18:39,921 - src.dgadb.models.JODIE.JODIE_main - INFO - Processing interaction 700/1000
2025-08-23 14:18:41,291 - src.dgadb.models.JODIE.JODIE_main - INFO - Processing interaction 800/1000
2025-08-23 14:18:42,518 - src.dgadb.models.JODIE.JODIE_main - INFO - Processing interaction 900/1000
2025-08-23 14:18:43,948 - src.dgadb.models.JODIE.JODIE_main - INFO - Epoch training loss: 913929951.7749
2025-08-23 14:18:43,948 - __main__ - INFO - Epoch 5/5 completed in 13.76s
2025-08-23 14:18:43,948 - __main__ - INFO - Training completed in 69.72 seconds
2025-08-23 14:18:43,948 - __main__ - INFO - Step 4: Evaluating model...
2025-08-23 14:18:43,948 - src.dgadb.models.JODIE.JODIE_main - INFO - Training downstream decoder...
2025-08-23 14:18:43,981 - src.dgadb.models.JODIE.JODIE_main - INFO - Decoder training completed
2025-08-23 14:18:43,983 - __main__ - INFO - Test Results:
2025-08-23 14:18:43,983 - __main__ - INFO -   - ROC-AUC Score: 0.6348
2025-08-23 14:18:43,983 - __main__ - INFO -   - Inference Time: 0.00 seconds
2025-08-23 14:18:43,983 - __main__ - INFO -   - Test Edges: 3370
2025-08-23 14:18:43,983 - __main__ - INFO -   - Test Anomalies: 37
2025-08-23 14:18:43,985 - __main__ - INFO - Train Results (for comparison):
2025-08-23 14:18:43,985 - __main__ - INFO -   - ROC-AUC Score: 0.7370
2025-08-23 14:18:43,985 - __main__ - INFO -   - Inference Time: 0.00 seconds
2025-08-23 14:18:43,985 - __main__ - INFO - ============================================================
2025-08-23 14:18:43,985 - __main__ - INFO - PIPELINE SUMMARY
2025-08-23 14:18:43,985 - __main__ - INFO - ============================================================
2025-08-23 14:18:43,985 - __main__ - INFO - Dataset: bitcoin-alpha-example
2025-08-23 14:18:43,985 - __main__ - INFO - Model: JODIE
2025-08-23 14:18:43,985 - __main__ - INFO - Device: cuda
2025-08-23 14:18:43,985 - __main__ - INFO - Total Edges: 16863
2025-08-23 14:18:43,986 - __main__ - INFO - Training Time: 69.72 seconds
2025-08-23 14:18:43,986 - __main__ - INFO - Test AUC: 0.6348
2025-08-23 14:18:43,986 - __main__ - INFO - Train AUC: 0.7370
2025-08-23 14:18:43,986 - __main__ - INFO - ============================================================
2025-08-23 14:18:43,986 - __main__ - INFO - Pipeline completed successfully!