(venv) azzedine@katana ➜  dgadb git:(adding-methods-Node2Vec-and-GAT-Azzedine) ✗ cd /home/azzedine/Projects/dgadb && BASE_PATH=/home/azzedine/Projects/dgadb PYTHONPATH=/home/azzedine/Projects/dgadb python3 src/dgadb/pipeline/pipeline_GCN.py
2025-08-23 14:09:24,845 - __main__ - INFO - Starting GCN pipeline for dataset: bitcoin-alpha
2025-08-23 14:09:24,845 - __main__ - INFO - Loaded config: {}
2025-08-23 14:09:24,845 - __main__ - INFO - Using device: cuda
2025-08-23 14:09:24,845 - __main__ - INFO - Model hyperparameters: {'embedding_dim': 128, 'num_epoch': 100, 'learning_rate': 0.01, 'hidden_dim': 256, 'num_layers': 2, 'dropout': 0.5, 'remove_self_loops': False, 'decoder_epochs': 100, 'decoder_learning_rate': 0.01}
2025-08-23 14:09:24,845 - __main__ - INFO - Step 1: Loading and preprocessing graph data...
2025-08-23 14:09:24,845 - Pipeline - INFO - Loading config: '/home/azzedine/Projects/dgadb/configs/bitcoin-alpha-example.yaml'
2025-08-23 14:09:24,846 - Pipeline - INFO - Building preprocessing pipeline from config...
2025-08-23 14:09:24,846 - Pipeline - INFO - > Instantiating missing 'DataLoader' step with default parameters.
2025-08-23 14:09:24,846 - Pipeline - INFO - > Instantiating step 1: StructureNormalizer
2025-08-23 14:09:24,846 - Pipeline - INFO - > Instantiating step 2: TimestampNormalizer
2025-08-23 14:09:24,846 - Pipeline - INFO - > Instantiating step 3: TemporalSplitter
2025-08-23 14:09:24,846 - Pipeline - INFO - Found cache directory: 'pipeline_cache/bitcoin-alpha'
2025-08-23 14:09:24,847 - Cache - INFO - Using existing cache directory: 'pipeline_cache/bitcoin-alpha/aa874d41'
2025-08-23 14:09:24,847 - Pipeline - INFO - Pipeline built successfully.
2025-08-23 14:09:24,847 - Pipeline - INFO - >>> ---- Starting data pipeline ----
2025-08-23 14:09:24,847 - Pipeline - INFO - >>> Running step (1/4): DataLoader
2025-08-23 14:09:24,847 - Cache - INFO - Found cached result for 'DataLoader'. Loading from 'pipeline_cache/bitcoin-alpha/aa874d41/00_DataLoader.pkl'
2025-08-23 14:09:24,848 - Pipeline - INFO - >>> Step 'DataLoader' was skipped by loading a cached result.
2025-08-23 14:09:24,848 - Pipeline - INFO - >>> Running step (2/4): StructureNormalizer
2025-08-23 14:09:24,848 - Cache - INFO - Found cached result for 'StructureNormalizer'. Loading from 'pipeline_cache/bitcoin-alpha/aa874d41/01_StructureNormalizer.pkl'
2025-08-23 14:09:24,848 - Pipeline - INFO - >>> Step 'StructureNormalizer' was skipped by loading a cached result.
2025-08-23 14:09:24,848 - Pipeline - INFO - >>> Running step (3/4): TimestampNormalizer
2025-08-23 14:09:24,849 - Cache - INFO - Found cached result for 'TimestampNormalizer'. Loading from 'pipeline_cache/bitcoin-alpha/aa874d41/02_TimestampNormalizer.pkl'
2025-08-23 14:09:24,849 - Pipeline - INFO - >>> Step 'TimestampNormalizer' was skipped by loading a cached result.
2025-08-23 14:09:24,849 - Pipeline - INFO - >>> Running step (4/4): TemporalSplitter
2025-08-23 14:09:24,849 - Cache - INFO - Found cached result for 'TemporalSplitter'. Loading from 'pipeline_cache/bitcoin-alpha/aa874d41/03_TemporalSplitter.pkl'
2025-08-23 14:09:24,850 - Pipeline - INFO - >>> Step 'TemporalSplitter' was skipped by loading a cached result.
2025-08-23 14:09:24,850 - Pipeline - INFO - >>> ---- Pipeline execution finished successfully in 0.00 sec. ----
2025-08-23 14:09:24,850 - src.dgadb.preprocessing.pipeline.container - WARNING - Features have not been normalized. Proceeding with raw features.
2025-08-23 14:09:24,853 - src.dgadb.preprocessing.pipeline.container - INFO - No node features selected. 'node_attr' will be None.
2025-08-23 14:09:24,854 - src.dgadb.preprocessing.pipeline.container - INFO - Using original edge labels from dataframe. Found 247 positive labels out of 16863 total edges.
2025-08-23 14:09:24,854 - src.dgadb.data.builder - INFO - Converting TemporalGraphData to Graph object...
2025-08-23 14:09:24,854 - src.dgadb.data.builder - INFO - Added edge features with shape torch.Size([16863, 1])
2025-08-23 14:09:24,857 - src.dgadb.data.builder - INFO - Created identity node features for 3783 nodes
2025-08-23 14:09:24,858 - src.dgadb.data.builder - INFO - Successfully created Graph with 3783 nodes and 16863 edges
2025-08-23 14:09:24,858 - src.dgadb.data.builder - INFO - Train edges: 11816, Val edges: 1677, Test edges: 3370
2025-08-23 14:09:24,858 - __main__ - INFO - Data processing and conversion completed in 0.01 seconds
2025-08-23 14:09:24,858 - __main__ - INFO - Step 2: Initializing GCN model...
2025-08-23 14:09:24,858 - src.dgadb.models.GCN.GCN_main - INFO - Initializing GCNModel with device=cuda and hyperparams={'embedding_dim': 128, 'num_epoch': 100, 'learning_rate': 0.01, 'hidden_dim': 256, 'num_layers': 2, 'dropout': 0.5, 'remove_self_loops': False, 'decoder_epochs': 100, 'decoder_learning_rate': 0.01}
2025-08-23 14:09:24,858 - src.dgadb.models.GCN.GCN_main - INFO - Setting up GCNModel...
2025-08-23 14:09:24,929 - src.dgadb.models.GCN.GCN_main - INFO - Graph has 3783 nodes and 16863 edges
2025-08-23 14:09:24,965 - src.dgadb.models.GCN.GCN_main - INFO - Prepared data splits - Train: 11816, Test: 3370, Val: 1677
2025-08-23 14:09:24,970 - src.dgadb.models.GCN.GCN_main - INFO - GCNModel setup completed
2025-08-23 14:09:24,970 - __main__ - INFO - Model initialization took 0.11 seconds
2025-08-23 14:09:24,970 - __main__ - INFO - Step 3: Training GCN model...
2025-08-23 14:09:24,970 - src.dgadb.models.GCN.GCN_main - INFO - Starting GCN training for 100 epochs...
2025-08-23 14:09:25,906 - src.dgadb.models.GCN.GCN_main - INFO - Epoch 10: pretext_loss=0.4519
2025-08-23 14:09:26,390 - src.dgadb.models.GCN.GCN_main - INFO - Epoch 20: pretext_loss=0.2996
2025-08-23 14:09:26,958 - src.dgadb.models.GCN.GCN_main - INFO - Epoch 30: pretext_loss=0.2616
2025-08-23 14:09:27,507 - src.dgadb.models.GCN.GCN_main - INFO - Epoch 40: pretext_loss=0.2344
2025-08-23 14:09:28,045 - src.dgadb.models.GCN.GCN_main - INFO - Epoch 50: pretext_loss=0.2472
2025-08-23 14:09:28,591 - src.dgadb.models.GCN.GCN_main - INFO - Epoch 60: pretext_loss=0.2249
2025-08-23 14:09:29,137 - src.dgadb.models.GCN.GCN_main - INFO - Epoch 70: pretext_loss=0.2530
2025-08-23 14:09:29,685 - src.dgadb.models.GCN.GCN_main - INFO - Epoch 80: pretext_loss=0.2200
2025-08-23 14:09:30,242 - src.dgadb.models.GCN.GCN_main - INFO - Epoch 90: pretext_loss=0.2117
2025-08-23 14:09:30,742 - src.dgadb.models.GCN.GCN_main - INFO - Epoch 100: pretext_loss=0.2011
2025-08-23 14:09:30,742 - src.dgadb.models.GCN.GCN_main - INFO - GCN encoder training completed
2025-08-23 14:09:30,743 - __main__ - INFO - Training completed in 5.77 seconds
2025-08-23 14:09:30,743 - __main__ - INFO - Step 4: Evaluating model...
2025-08-23 14:09:30,743 - src.dgadb.models.GCN.GCN_main - INFO - Training downstream decoder...
2025-08-23 14:09:30,785 - src.dgadb.models.GCN.GCN_main - INFO - Decoder training completed
2025-08-23 14:09:30,789 - __main__ - INFO - Test Results:
2025-08-23 14:09:30,789 - __main__ - INFO -   - ROC-AUC Score: 0.6324
2025-08-23 14:09:30,789 - __main__ - INFO -   - Inference Time: 0.00 seconds
2025-08-23 14:09:30,789 - __main__ - INFO -   - Test Edges: 3370
2025-08-23 14:09:30,789 - __main__ - INFO -   - Test Anomalies: 37
2025-08-23 14:09:30,793 - __main__ - INFO - Train Results (for comparison):
2025-08-23 14:09:30,793 - __main__ - INFO -   - ROC-AUC Score: 0.4987
2025-08-23 14:09:30,793 - __main__ - INFO -   - Inference Time: 0.00 seconds
2025-08-23 14:09:30,793 - __main__ - INFO - ============================================================
2025-08-23 14:09:30,793 - __main__ - INFO - PIPELINE SUMMARY
2025-08-23 14:09:30,793 - __main__ - INFO - ============================================================
2025-08-23 14:09:30,793 - __main__ - INFO - Dataset: bitcoin-alpha
2025-08-23 14:09:30,793 - __main__ - INFO - Model: GCN
2025-08-23 14:09:30,793 - __main__ - INFO - Device: cuda
2025-08-23 14:09:30,793 - __main__ - INFO - Total Edges: 16863
2025-08-23 14:09:30,793 - __main__ - INFO - Training Time: 5.77 seconds
2025-08-23 14:09:30,793 - __main__ - INFO - Test AUC: 0.6324
2025-08-23 14:09:30,793 - __main__ - INFO - Train AUC: 0.4987
2025-08-23 14:09:30,793 - __main__ - INFO - ============================================================
2025-08-23 14:09:30,793 - __main__ - INFO - Pipeline completed successfully!