/home/azzedine/.local/lib/python3.10/site-packages/torch/__config__.py:9: UserWarning: CUDA initialization: CUDA unknown error - this may be due to an incorrectly set up environment, e.g. changing env variable CUDA_VISIBLE_DEVICES after program start. Setting the available devices to be zero. (Triggered internally at ../c10/cuda/CUDAFunctions.cpp:108.)
  return torch._C._show_config()
2025-08-14 23:58:00,134 - __main__ - INFO - Starting Node2Vec pipeline for dataset: bitcoin-alpha
2025-08-14 23:58:00,134 - src.dgadb.utils.load_config - INFO - Loading config: /home/azzedine/Projects/dgadb/configs/bitcoin-alpha.yaml
2025-08-14 23:58:00,134 - src.dgadb.utils.load_config - INFO - Successfully loaded config: bitcoin-alpha
2025-08-14 23:58:00,134 - __main__ - INFO - Loaded config: {'snapshot_size': 1000, 'train_ratio': 0.7, 'anomaly_ratio': 0.01}
2025-08-14 23:58:00,134 - __main__ - INFO - Using device: cpu
2025-08-14 23:58:00,134 - __main__ - INFO - Model hyperparameters: {'embedding_dim': 128, 'walk_length': 20, 'context_size': 10, 'walks_per_node': 10, 'p': 1.0, 'q': 1.0, 'num_negative_samples': 1, 'sparse': True, 'num_epoch': 5, 'learning_rate': 0.01, 'batch_size': 128, 'classifier_solver': 'lbfgs', 'classifier_max_iter': 1000}
2025-08-14 23:58:00,134 - __main__ - INFO - Step 1: Loading dataset...
2025-08-14 23:58:00,134 - src.dgadb.data.dataset - INFO - Loading dataset 'bitcoin-alpha' from /home/azzedine/Projects/dgadb/data/bitcoin-alpha
2025-08-14 23:58:00,135 - src.dgadb.data.dataset - INFO - Loading required edges file: /home/azzedine/Projects/dgadb/data/bitcoin-alpha/edges.parquet
2025-08-14 23:58:00,139 - src.dgadb.data.dataset - INFO - Loading edge file: /home/azzedine/Projects/dgadb/data/bitcoin-alpha/edge_labels.parquet
2025-08-14 23:58:00,142 - src.dgadb.data.dataset - INFO - Optional edge file not found (skipped): /home/azzedine/Projects/dgadb/data/bitcoin-alpha/edge_types.parquet
2025-08-14 23:58:00,142 - src.dgadb.data.dataset - INFO - Optional edge file not found (skipped): /home/azzedine/Projects/dgadb/data/bitcoin-alpha/edge_features_cat.parquet
2025-08-14 23:58:00,142 - src.dgadb.data.dataset - INFO - Loading edge file: /home/azzedine/Projects/dgadb/data/bitcoin-alpha/edge_features_num.parquet
2025-08-14 23:58:00,147 - src.dgadb.data.dataset - INFO - Optional edge file not found (skipped): /home/azzedine/Projects/dgadb/data/bitcoin-alpha/edge_features_str.parquet
2025-08-14 23:58:00,147 - src.dgadb.data.dataset - INFO - Edges loaded with columns: ['edge_id', 'src', 'tgt', 'timestamp', 'label', 'ff0_num']
2025-08-14 23:58:00,147 - src.dgadb.data.dataset - INFO - Optional node file not found (skipped): /home/azzedine/Projects/dgadb/data/bitcoin-alpha/node_labels.parquet
2025-08-14 23:58:00,147 - src.dgadb.data.dataset - INFO - Optional node file not found (skipped): /home/azzedine/Projects/dgadb/data/bitcoin-alpha/node_types.parquet
2025-08-14 23:58:00,147 - src.dgadb.data.dataset - INFO - Optional node file not found (skipped): /home/azzedine/Projects/dgadb/data/bitcoin-alpha/node_timestamps.parquet
2025-08-14 23:58:00,147 - src.dgadb.data.dataset - INFO - Optional node file not found (skipped): /home/azzedine/Projects/dgadb/data/bitcoin-alpha/node_features_cat.parquet
2025-08-14 23:58:00,147 - src.dgadb.data.dataset - INFO - Optional node file not found (skipped): /home/azzedine/Projects/dgadb/data/bitcoin-alpha/node_features_num.parquet
2025-08-14 23:58:00,147 - src.dgadb.data.dataset - INFO - Optional node file not found (skipped): /home/azzedine/Projects/dgadb/data/bitcoin-alpha/node_features_str.parquet
2025-08-14 23:58:00,147 - src.dgadb.data.dataset - INFO - Finished loading all dataframes.
2025-08-14 23:58:00,147 - __main__ - INFO - Loaded 24186 edges
2025-08-14 23:58:00,147 - __main__ - INFO - Data loading took 0.01 seconds
2025-08-14 23:58:00,147 - __main__ - INFO - Step 2: Generating train/test splits...
2025-08-14 23:58:00,147 - src.dgadb.preprocessing.splitting - INFO - Generating data splits: train_ratio=0.7, val_ratio=0.0
2025-08-14 23:58:00,148 - src.dgadb.preprocessing.splitting - INFO - Assigned splits: 16930 train, 0 val, 7256 test (total 24186)
2025-08-14 23:58:00,149 - __main__ - INFO - Train edges: 16930, Test edges: 7256, Val edges: 0
2025-08-14 23:58:00,149 - __main__ - INFO - Data splitting took 0.00 seconds
2025-08-14 23:58:00,149 - __main__ - INFO - Step 3: Creating temporal snapshots...
2025-08-14 23:58:00,150 - src.dgadb.preprocessing.snapshotting - INFO - Assigned structural snapshot_ids to edges
2025-08-14 23:58:00,150 - __main__ - INFO - Created snapshots with window size: 1000
2025-08-14 23:58:00,150 - __main__ - INFO - Snapshotting took 0.00 seconds
2025-08-14 23:58:00,150 - __main__ - INFO - Step 4: Injecting anomalies...
2025-08-14 23:58:00,150 - root - WARNING - Edges dataframe already has a label column.
2025-08-14 23:58:00,163 - root - WARNING - Edges dataframe already has a label column.
2025-08-14 23:58:00,175 - root - INFO - Starting anomaly generation for 'test_mask' with ratio 0.005 and type(s) ['structural'].
2025-08-14 23:58:00,176 - root - INFO - Generating 84 anomalies...
2025-08-14 23:58:00,197 - root - INFO - Successfully generated 84 anomalies. Final dataset has 24270 total edges.
2025-08-14 23:58:00,197 - root - INFO - Starting anomaly generation for 'test_mask' with ratio 0.01 and type(s) ['structural'].
2025-08-14 23:58:00,197 - root - INFO - Generating 72 anomalies...
2025-08-14 23:58:00,213 - root - INFO - Successfully generated 72 anomalies. Final dataset has 24258 total edges.
2025-08-14 23:58:00,214 - __main__ - INFO - Injected 156 anomalies out of 24342 edges
2025-08-14 23:58:00,214 - __main__ - INFO - Actual anomaly ratio: 0.0064
2025-08-14 23:58:00,214 - __main__ - INFO - Anomaly injection took 0.06 seconds
2025-08-14 23:58:00,214 - __main__ - INFO - Step 5: Initializing Node2Vec model...
2025-08-14 23:58:00,214 - src.dgadb.models.Node2Vec.Node2Vec_main - INFO - Initializing Node2VecModel with device=cpu and hyperparams={'embedding_dim': 128, 'walk_length': 20, 'context_size': 10, 'walks_per_node': 10, 'p': 1.0, 'q': 1.0, 'num_negative_samples': 1, 'sparse': True, 'num_epoch': 5, 'learning_rate': 0.01, 'batch_size': 128, 'classifier_solver': 'lbfgs', 'classifier_max_iter': 1000}
2025-08-14 23:58:00,214 - src.dgadb.models.Node2Vec.Node2Vec_main - INFO - Setting up Node2VecModel...
2025-08-14 23:58:00,216 - src.dgadb.models.Node2Vec.Node2Vec_main - INFO - Graph has 3783 nodes and 24342 edges
/home/azzedine/Projects/dgadb/src/dgadb/models/Node2Vec/Node2Vec_main.py:122: PolarsInefficientMapWarning: 
Series.map_elements is significantly slower than the native series API.
Only use if you absolutely CANNOT implement your logic otherwise.
Replace this expression...
  - s.map_elements(lambda x: ...)
with this one instead:
  + s.replace_strict(node_mapping)

  src_mapped = df["src"].map_elements(lambda x: node_mapping[x], return_dtype=pl.Int64)
/home/azzedine/Projects/dgadb/src/dgadb/models/Node2Vec/Node2Vec_main.py:123: PolarsInefficientMapWarning: 
Series.map_elements is significantly slower than the native series API.
Only use if you absolutely CANNOT implement your logic otherwise.
Replace this expression...
  - s.map_elements(lambda x: ...)
with this one instead:
  + s.replace_strict(node_mapping)

  tgt_mapped = df["tgt"].map_elements(lambda x: node_mapping[x], return_dtype=pl.Int64)
2025-08-14 23:58:00,302 - src.dgadb.models.Node2Vec.Node2Vec_main - INFO - Created undirected edge index with 28552 edges
/home/azzedine/Projects/dgadb/src/dgadb/models/Node2Vec/Node2Vec_main.py:185: PolarsInefficientMapWarning: 
Series.map_elements is significantly slower than the native series API.
Only use if you absolutely CANNOT implement your logic otherwise.
Replace this expression...
  - s.map_elements(lambda x: ...)
with this one instead:
  + s.replace_strict(node_mapping)

  src_mapped = split_df["src"].map_elements(lambda x: node_mapping[x], return_dtype=pl.Int64)
/home/azzedine/Projects/dgadb/src/dgadb/models/Node2Vec/Node2Vec_main.py:186: PolarsInefficientMapWarning: 
Series.map_elements is significantly slower than the native series API.
Only use if you absolutely CANNOT implement your logic otherwise.
Replace this expression...
  - s.map_elements(lambda x: ...)
with this one instead:
  + s.replace_strict(node_mapping)

  tgt_mapped = split_df["tgt"].map_elements(lambda x: node_mapping[x], return_dtype=pl.Int64)
2025-08-14 23:58:00,307 - src.dgadb.models.Node2Vec.Node2Vec_main - INFO - Prepared data splits - Train: 17014, Test: 7328, Val: 0
2025-08-14 23:58:00,313 - src.dgadb.models.Node2Vec.Node2Vec_main - INFO - Node2VecModel setup completed
2025-08-14 23:58:00,313 - __main__ - INFO - Model initialization took 0.10 seconds
2025-08-14 23:58:00,313 - __main__ - INFO - Step 6: Training Node2Vec model...
2025-08-14 23:58:00,313 - src.dgadb.models.Node2Vec.Node2Vec_main - INFO - Starting Node2Vec training for 5 epochs...
Epoch 1/5: 100%|████████████████████████████████████████████████████████████████████| 30/30 [00:04<00:00,  6.60it/s]
2025-08-14 23:58:04,858 - src.dgadb.models.Node2Vec.Node2Vec_main - INFO - Epoch 1: loss=8.3343
Epoch 2/5: 100%|████████████████████████████████████████████████████████████████████| 30/30 [00:04<00:00,  6.56it/s]
2025-08-14 23:58:09,435 - src.dgadb.models.Node2Vec.Node2Vec_main - INFO - Epoch 2: loss=5.8568
Epoch 3/5: 100%|████████████████████████████████████████████████████████████████████| 30/30 [00:04<00:00,  6.52it/s]
2025-08-14 23:58:14,034 - src.dgadb.models.Node2Vec.Node2Vec_main - INFO - Epoch 3: loss=4.3194
Epoch 4/5: 100%|████████████████████████████████████████████████████████████████████| 30/30 [00:04<00:00,  6.58it/s]
2025-08-14 23:58:18,591 - src.dgadb.models.Node2Vec.Node2Vec_main - INFO - Epoch 4: loss=3.3579
Epoch 5/5: 100%|████████████████████████████████████████████████████████████████████| 30/30 [00:04<00:00,  6.51it/s]
2025-08-14 23:58:23,198 - src.dgadb.models.Node2Vec.Node2Vec_main - INFO - Epoch 5: loss=2.6966
2025-08-14 23:58:23,198 - src.dgadb.models.Node2Vec.Node2Vec_main - INFO - Node2Vec training completed
2025-08-14 23:58:23,198 - __main__ - INFO - Training completed in 22.88 seconds
2025-08-14 23:58:23,198 - __main__ - INFO - Step 7: Evaluating model...
2025-08-14 23:58:23,201 - src.dgadb.models.Node2Vec.Node2Vec_main - INFO - Training downstream classifier...
2025-08-14 23:58:23,405 - src.dgadb.models.Node2Vec.Node2Vec_main - INFO - Training AUC: 0.9010
2025-08-14 23:58:23,433 - __main__ - INFO - Test Results:
2025-08-14 23:58:23,433 - __main__ - INFO -   - ROC-AUC Score: 0.5115
2025-08-14 23:58:23,433 - __main__ - INFO -   - Inference Time: 0.23 seconds
2025-08-14 23:58:23,433 - __main__ - INFO -   - Test Edges: 7328
2025-08-14 23:58:23,434 - __main__ - INFO -   - Test Anomalies: 72
2025-08-14 23:58:23,490 - __main__ - INFO - Train Results (for comparison):
2025-08-14 23:58:23,490 - __main__ - INFO -   - ROC-AUC Score: 0.9010
2025-08-14 23:58:23,490 - __main__ - INFO -   - Inference Time: 0.05 seconds
2025-08-14 23:58:23,490 - __main__ - INFO - ============================================================
2025-08-14 23:58:23,490 - __main__ - INFO - PIPELINE SUMMARY
2025-08-14 23:58:23,490 - __main__ - INFO - ============================================================
2025-08-14 23:58:23,490 - __main__ - INFO - Dataset: bitcoin-alpha
2025-08-14 23:58:23,490 - __main__ - INFO - Model: Node2Vec
2025-08-14 23:58:23,490 - __main__ - INFO - Device: cpu
2025-08-14 23:58:23,490 - __main__ - INFO - Total Edges: 24342
2025-08-14 23:58:23,490 - __main__ - INFO - Anomaly Ratio: 0.0064
2025-08-14 23:58:23,490 - __main__ - INFO - Training Time: 22.88 seconds
2025-08-14 23:58:23,490 - __main__ - INFO - Test AUC: 0.5115
2025-08-14 23:58:23,490 - __main__ - INFO - Train AUC: 0.9010
2025-08-14 23:58:23,490 - __main__ - INFO - ============================================================
2025-08-14 23:58:23,506 - __main__ - INFO - Pipeline completed successfully!
