2025-08-16 15:29:58,055 - __main__ - INFO - Starting Node2Vec pipeline for dataset: bitcoin-alpha
2025-08-16 15:29:58,055 - src.dgadb.utils.load_config - INFO - Loading config: /home/azzedine/Projects/dgadb/configs/bitcoin-alpha.yaml
2025-08-16 15:29:58,056 - src.dgadb.utils.load_config - INFO - Successfully loaded config: bitcoin-alpha
2025-08-16 15:29:58,056 - __main__ - INFO - Loaded config: {'snapshot_size': 1000, 'train_ratio': 0.7, 'anomaly_ratio': 0.01}
2025-08-16 15:29:58,056 - __main__ - INFO - Using device: cuda
2025-08-16 15:29:58,056 - __main__ - INFO - Model hyperparameters: {'embedding_dim': 128, 'walk_length': 20, 'context_size': 10, 'walks_per_node': 10, 'p': 1.0, 'q': 1.0, 'num_negative_samples': 1, 'sparse': True, 'num_epoch': 5, 'learning_rate': 0.01, 'batch_size': 128, 'classifier_solver': 'lbfgs', 'classifier_max_iter': 1000}
2025-08-16 15:29:58,056 - __main__ - INFO - Step 1: Loading and preprocessing graph data...
2025-08-16 15:29:58,056 - src.dgadb.utils.load_config - INFO - Loading config: /home/azzedine/Projects/dgadb/configs/bitcoin-alpha.yaml
2025-08-16 15:29:58,056 - src.dgadb.utils.load_config - INFO - Successfully loaded config: bitcoin-alpha
2025-08-16 15:29:58,056 - src.dgadb.data.dataset - INFO - Loading dataset 'bitcoin-alpha' from /home/azzedine/Projects/dgadb/data/bitcoin-alpha
2025-08-16 15:29:58,056 - src.dgadb.data.dataset - INFO - Loading required edges file: /home/azzedine/Projects/dgadb/data/bitcoin-alpha/edges.parquet
2025-08-16 15:29:58,061 - src.dgadb.data.dataset - INFO - Loading edge file: /home/azzedine/Projects/dgadb/data/bitcoin-alpha/edge_labels.parquet
2025-08-16 15:29:58,064 - src.dgadb.data.dataset - INFO - Optional edge file not found (skipped): /home/azzedine/Projects/dgadb/data/bitcoin-alpha/edge_types.parquet
2025-08-16 15:29:58,064 - src.dgadb.data.dataset - INFO - Optional edge file not found (skipped): /home/azzedine/Projects/dgadb/data/bitcoin-alpha/edge_features_cat.parquet
2025-08-16 15:29:58,064 - src.dgadb.data.dataset - INFO - Loading edge file: /home/azzedine/Projects/dgadb/data/bitcoin-alpha/edge_features_num.parquet
2025-08-16 15:29:58,069 - src.dgadb.data.dataset - INFO - Optional edge file not found (skipped): /home/azzedine/Projects/dgadb/data/bitcoin-alpha/edge_features_str.parquet
2025-08-16 15:29:58,069 - src.dgadb.data.dataset - INFO - Edges loaded with columns: ['edge_id', 'src', 'tgt', 'timestamp', 'label', 'ff0_num']
2025-08-16 15:29:58,069 - src.dgadb.data.dataset - INFO - Optional node file not found (skipped): /home/azzedine/Projects/dgadb/data/bitcoin-alpha/node_labels.parquet
2025-08-16 15:29:58,069 - src.dgadb.data.dataset - INFO - Optional node file not found (skipped): /home/azzedine/Projects/dgadb/data/bitcoin-alpha/node_types.parquet
2025-08-16 15:29:58,069 - src.dgadb.data.dataset - INFO - Optional node file not found (skipped): /home/azzedine/Projects/dgadb/data/bitcoin-alpha/node_timestamps.parquet
2025-08-16 15:29:58,069 - src.dgadb.data.dataset - INFO - Optional node file not found (skipped): /home/azzedine/Projects/dgadb/data/bitcoin-alpha/node_features_cat.parquet
2025-08-16 15:29:58,069 - src.dgadb.data.dataset - INFO - Optional node file not found (skipped): /home/azzedine/Projects/dgadb/data/bitcoin-alpha/node_features_num.parquet
2025-08-16 15:29:58,069 - src.dgadb.data.dataset - INFO - Optional node file not found (skipped): /home/azzedine/Projects/dgadb/data/bitcoin-alpha/node_features_str.parquet
2025-08-16 15:29:58,069 - src.dgadb.data.dataset - INFO - Finished loading all dataframes.
2025-08-16 15:29:58,071 - src.dgadb.preprocessing.snapshotting - INFO - Assigned structural snapshot_ids to edges
2025-08-16 15:29:58,071 - src.dgadb.data.builder - INFO - Building Graph object from dataframes.
2025-08-16 15:29:58,073 - src.dgadb.data.builder - INFO - Edges, their timestamps, and their snapshot_ids are loaded.
2025-08-16 15:29:58,074 - src.dgadb.data.builder - INFO - Edge label column found.
2025-08-16 15:29:58,078 - __main__ - INFO - Data loading and preprocessing took 0.02 seconds
2025-08-16 15:29:58,078 - __main__ - INFO - Step 2: Initializing Node2Vec model...
2025-08-16 15:29:58,078 - src.dgadb.models.Node2Vec.Node2Vec_main - INFO - Initializing Node2VecModel with device=cuda and hyperparams={'embedding_dim': 128, 'walk_length': 20, 'context_size': 10, 'walks_per_node': 10, 'p': 1.0, 'q': 1.0, 'num_negative_samples': 1, 'sparse': True, 'num_epoch': 5, 'learning_rate': 0.01, 'batch_size': 128, 'classifier_solver': 'lbfgs', 'classifier_max_iter': 1000}
2025-08-16 15:29:58,078 - src.dgadb.models.Node2Vec.Node2Vec_main - INFO - Setting up Node2VecModel...
2025-08-16 15:29:58,142 - src.dgadb.models.Node2Vec.Node2Vec_main - INFO - Graph has 3783 nodes and 24186 edges
2025-08-16 15:29:58,402 - src.dgadb.models.Node2Vec.Node2Vec_main - INFO - Created undirected edge index with 28248 edges
2025-08-16 15:29:58,418 - src.dgadb.models.Node2Vec.Node2Vec_main - INFO - Prepared data splits - Train: 16930, Test: 7256, Val: 0
2025-08-16 15:29:58,453 - src.dgadb.models.Node2Vec.Node2Vec_main - INFO - Node2VecModel setup completed
2025-08-16 15:29:58,453 - __main__ - INFO - Model initialization took 0.38 seconds
2025-08-16 15:29:58,453 - __main__ - INFO - Step 3: Training Node2Vec model...
2025-08-16 15:29:58,453 - src.dgadb.models.Node2Vec.Node2Vec_main - INFO - Starting Node2Vec training for 5 epochs...
Epoch 1/5: 100%|████████████████████████████████████████████████| 30/30 [00:00<00:00, 54.61it/s]
2025-08-16 15:29:59,004 - src.dgadb.models.Node2Vec.Node2Vec_main - INFO - Epoch 1: loss=8.5000
Epoch 2/5: 100%|████████████████████████████████████████████████| 30/30 [00:00<00:00, 60.04it/s]
2025-08-16 15:29:59,504 - src.dgadb.models.Node2Vec.Node2Vec_main - INFO - Epoch 2: loss=5.9672
Epoch 3/5: 100%|████████████████████████████████████████████████| 30/30 [00:00<00:00, 71.22it/s]
2025-08-16 15:29:59,926 - src.dgadb.models.Node2Vec.Node2Vec_main - INFO - Epoch 3: loss=4.3795
Epoch 4/5: 100%|████████████████████████████████████████████████| 30/30 [00:00<00:00, 66.90it/s]
2025-08-16 15:30:00,375 - src.dgadb.models.Node2Vec.Node2Vec_main - INFO - Epoch 4: loss=3.4061
Epoch 5/5: 100%|████████████████████████████████████████████████| 30/30 [00:00<00:00, 68.45it/s]
2025-08-16 15:30:00,813 - src.dgadb.models.Node2Vec.Node2Vec_main - INFO - Epoch 5: loss=2.7417
2025-08-16 15:30:00,813 - src.dgadb.models.Node2Vec.Node2Vec_main - INFO - Node2Vec training completed
2025-08-16 15:30:00,813 - __main__ - INFO - Training completed in 2.36 seconds
2025-08-16 15:30:00,813 - __main__ - INFO - Step 4: Evaluating model...
2025-08-16 15:30:00,820 - src.dgadb.models.Node2Vec.Node2Vec_main - INFO - Training downstream classifier...
2025-08-16 15:30:01,266 - src.dgadb.models.Node2Vec.Node2Vec_main - INFO - Training AUC: 0.9732
2025-08-16 15:30:01,283 - __main__ - INFO - Test Results:
2025-08-16 15:30:01,283 - __main__ - INFO -   - ROC-AUC Score: 0.6653
2025-08-16 15:30:01,283 - __main__ - INFO -   - Inference Time: 0.47 seconds
2025-08-16 15:30:01,283 - __main__ - INFO -   - Test Edges: 7256
2025-08-16 15:30:01,283 - __main__ - INFO -   - Test Anomalies: 89
2025-08-16 15:30:01,304 - __main__ - INFO - Train Results (for comparison):
2025-08-16 15:30:01,305 - __main__ - INFO -   - ROC-AUC Score: 0.9732
2025-08-16 15:30:01,305 - __main__ - INFO -   - Inference Time: 0.02 seconds
2025-08-16 15:30:01,305 - __main__ - INFO - ============================================================
2025-08-16 15:30:01,305 - __main__ - INFO - PIPELINE SUMMARY
2025-08-16 15:30:01,305 - __main__ - INFO - ============================================================
2025-08-16 15:30:01,305 - __main__ - INFO - Dataset: bitcoin-alpha
2025-08-16 15:30:01,305 - __main__ - INFO - Model: Node2Vec
2025-08-16 15:30:01,305 - __main__ - INFO - Device: cuda
2025-08-16 15:30:01,305 - __main__ - INFO - Total Edges: 24186
2025-08-16 15:30:01,305 - __main__ - INFO - Training Time: 2.36 seconds
2025-08-16 15:30:01,305 - __main__ - INFO - Test AUC: 0.6653
2025-08-16 15:30:01,305 - __main__ - INFO - Train AUC: 0.9732
2025-08-16 15:30:01,305 - __main__ - INFO - ============================================================
2025-08-16 15:30:01,305 - __main__ - INFO - Pipeline completed successfully!