/home/azzedine/.local/lib/python3.10/site-packages/torch/__config__.py:9: UserWarning: CUDA initialization: CUDA unknown error - this may be due to an incorrectly set up environment, e.g. changing env variable CUDA_VISIBLE_DEVICES after program start. Setting the available devices to be zero. (Triggered internally at ../c10/cuda/CUDAFunctions.cpp:108.)
  return torch._C._show_config()
2025-08-15 00:20:44,487 - __main__ - INFO - Starting GAT pipeline for dataset: bitcoin-alpha
2025-08-15 00:20:44,487 - src.dgadb.utils.load_config - INFO - Loading config: /home/azzedine/Projects/dgadb/configs/bitcoin-alpha.yaml
2025-08-15 00:20:44,488 - src.dgadb.utils.load_config - INFO - Successfully loaded config: bitcoin-alpha
2025-08-15 00:20:44,488 - __main__ - INFO - Loaded config: {'snapshot_size': 1000, 'train_ratio': 0.7, 'anomaly_ratio': 0.01}
2025-08-15 00:20:44,488 - __main__ - INFO - Using device: cpu
2025-08-15 00:20:44,488 - __main__ - INFO - Model hyperparameters: {'hidden_channels': 64, 'num_layers': 2, 'num_heads': 8, 'dropout': 0.1, 'v2': True, 'num_epoch': 5, 'learning_rate': 0.01, 'classifier_solver': 'lbfgs', 'classifier_max_iter': 1000}
2025-08-15 00:20:44,488 - __main__ - INFO - Step 1: Loading dataset...
2025-08-15 00:20:44,488 - src.dgadb.data.dataset - INFO - Loading dataset 'bitcoin-alpha' from /home/azzedine/Projects/dgadb/data/bitcoin-alpha
2025-08-15 00:20:44,488 - src.dgadb.data.dataset - INFO - Loading required edges file: /home/azzedine/Projects/dgadb/data/bitcoin-alpha/edges.parquet
2025-08-15 00:20:44,493 - src.dgadb.data.dataset - INFO - Loading edge file: /home/azzedine/Projects/dgadb/data/bitcoin-alpha/edge_labels.parquet
2025-08-15 00:20:44,495 - src.dgadb.data.dataset - INFO - Optional edge file not found (skipped): /home/azzedine/Projects/dgadb/data/bitcoin-alpha/edge_types.parquet
2025-08-15 00:20:44,495 - src.dgadb.data.dataset - INFO - Optional edge file not found (skipped): /home/azzedine/Projects/dgadb/data/bitcoin-alpha/edge_features_cat.parquet
2025-08-15 00:20:44,495 - src.dgadb.data.dataset - INFO - Loading edge file: /home/azzedine/Projects/dgadb/data/bitcoin-alpha/edge_features_num.parquet
2025-08-15 00:20:44,501 - src.dgadb.data.dataset - INFO - Optional edge file not found (skipped): /home/azzedine/Projects/dgadb/data/bitcoin-alpha/edge_features_str.parquet
2025-08-15 00:20:44,501 - src.dgadb.data.dataset - INFO - Edges loaded with columns: ['edge_id', 'src', 'tgt', 'timestamp', 'label', 'ff0_num']
2025-08-15 00:20:44,501 - src.dgadb.data.dataset - INFO - Optional node file not found (skipped): /home/azzedine/Projects/dgadb/data/bitcoin-alpha/node_labels.parquet
2025-08-15 00:20:44,501 - src.dgadb.data.dataset - INFO - Optional node file not found (skipped): /home/azzedine/Projects/dgadb/data/bitcoin-alpha/node_types.parquet
2025-08-15 00:20:44,501 - src.dgadb.data.dataset - INFO - Optional node file not found (skipped): /home/azzedine/Projects/dgadb/data/bitcoin-alpha/node_timestamps.parquet
2025-08-15 00:20:44,501 - src.dgadb.data.dataset - INFO - Optional node file not found (skipped): /home/azzedine/Projects/dgadb/data/bitcoin-alpha/node_features_cat.parquet
2025-08-15 00:20:44,502 - src.dgadb.data.dataset - INFO - Optional node file not found (skipped): /home/azzedine/Projects/dgadb/data/bitcoin-alpha/node_features_num.parquet
2025-08-15 00:20:44,502 - src.dgadb.data.dataset - INFO - Optional node file not found (skipped): /home/azzedine/Projects/dgadb/data/bitcoin-alpha/node_features_str.parquet
2025-08-15 00:20:44,502 - src.dgadb.data.dataset - INFO - Finished loading all dataframes.
2025-08-15 00:20:44,502 - __main__ - INFO - Loaded 24186 edges
2025-08-15 00:20:44,502 - __main__ - INFO - Data loading took 0.01 seconds
2025-08-15 00:20:44,502 - __main__ - INFO - Step 2: Generating train/test splits...
2025-08-15 00:20:44,502 - src.dgadb.preprocessing.splitting - INFO - Generating data splits: train_ratio=0.7, val_ratio=0.0
2025-08-15 00:20:44,503 - src.dgadb.preprocessing.splitting - INFO - Assigned splits: 16930 train, 0 val, 7256 test (total 24186)
2025-08-15 00:20:44,504 - __main__ - INFO - Train edges: 16930, Test edges: 7256, Val edges: 0
2025-08-15 00:20:44,504 - __main__ - INFO - Data splitting took 0.00 seconds
2025-08-15 00:20:44,504 - __main__ - INFO - Step 3: Creating temporal snapshots...
2025-08-15 00:20:44,505 - src.dgadb.preprocessing.snapshotting - INFO - Assigned structural snapshot_ids to edges
2025-08-15 00:20:44,505 - __main__ - INFO - Created snapshots with window size: 1000
2025-08-15 00:20:44,505 - __main__ - INFO - Snapshotting took 0.00 seconds
2025-08-15 00:20:44,505 - __main__ - INFO - Step 4: Injecting anomalies...
2025-08-15 00:20:44,505 - root - WARNING - Edges dataframe already has a label column.
2025-08-15 00:20:44,518 - root - WARNING - Edges dataframe already has a label column.
2025-08-15 00:20:44,530 - root - INFO - Starting anomaly generation for 'test_mask' with ratio 0.005 and type(s) ['structural'].
2025-08-15 00:20:44,530 - root - INFO - Generating 84 anomalies...
2025-08-15 00:20:44,554 - root - INFO - Successfully generated 84 anomalies. Final dataset has 24270 total edges.
2025-08-15 00:20:44,554 - root - INFO - Starting anomaly generation for 'test_mask' with ratio 0.01 and type(s) ['structural'].
2025-08-15 00:20:44,554 - root - INFO - Generating 72 anomalies...
2025-08-15 00:20:44,571 - root - INFO - Successfully generated 72 anomalies. Final dataset has 24258 total edges.
2025-08-15 00:20:44,572 - __main__ - INFO - Injected 156 anomalies out of 24342 edges
2025-08-15 00:20:44,572 - __main__ - INFO - Actual anomaly ratio: 0.0064
2025-08-15 00:20:44,572 - __main__ - INFO - Anomaly injection took 0.07 seconds
2025-08-15 00:20:44,572 - __main__ - INFO - Step 5: Initializing GAT model...
2025-08-15 00:20:44,572 - src.dgadb.models.GAT.GAT_main - INFO - Initializing GATModel with device=cpu and hyperparams={'hidden_channels': 64, 'num_layers': 2, 'num_heads': 8, 'dropout': 0.1, 'v2': True, 'num_epoch': 5, 'learning_rate': 0.01, 'classifier_solver': 'lbfgs', 'classifier_max_iter': 1000}
2025-08-15 00:20:44,572 - src.dgadb.models.GAT.GAT_main - INFO - Setting up GATModel...
2025-08-15 00:20:44,574 - src.dgadb.models.GAT.GAT_main - INFO - Graph has 3783 nodes and 24342 edges
2025-08-15 00:20:44,663 - src.dgadb.models.GAT.GAT_main - INFO - Created undirected edge index with 28551 edges
2025-08-15 00:20:44,734 - src.dgadb.models.GAT.GAT_main - INFO - Prepared data splits - Train: 17014, Test: 7328, Val: 0
2025-08-15 00:20:44,734 - src.dgadb.models.GAT.GAT_main - INFO - GATModel setup completed
2025-08-15 00:20:44,734 - __main__ - INFO - Model initialization took 0.16 seconds
2025-08-15 00:20:44,734 - __main__ - INFO - Step 6: Training GAT model...
2025-08-15 00:20:44,734 - src.dgadb.models.GAT.GAT_main - INFO - Starting GAT training for 5 epochs...
2025-08-15 00:20:45,063 - src.dgadb.models.GAT.GAT_main - INFO - Epoch 1: loss=1.3867
2025-08-15 00:20:45,310 - src.dgadb.models.GAT.GAT_main - INFO - Epoch 2: loss=1.3865
2025-08-15 00:20:45,598 - src.dgadb.models.GAT.GAT_main - INFO - Epoch 3: loss=1.3860
2025-08-15 00:20:45,885 - src.dgadb.models.GAT.GAT_main - INFO - Epoch 4: loss=1.3851
2025-08-15 00:20:46,213 - src.dgadb.models.GAT.GAT_main - INFO - Epoch 5: loss=1.3823
2025-08-15 00:20:46,213 - src.dgadb.models.GAT.GAT_main - INFO - GAT training completed
2025-08-15 00:20:46,213 - __main__ - INFO - Training completed in 1.48 seconds
2025-08-15 00:20:46,213 - __main__ - INFO - Step 7: Evaluating model...
2025-08-15 00:20:46,213 - src.dgadb.models.GAT.GAT_main - INFO - Training downstream classifier...
2025-08-15 00:20:46,448 - src.dgadb.models.GAT.GAT_main - INFO - Training AUC: 0.5768
2025-08-15 00:20:46,639 - __main__ - INFO - Test Results:
2025-08-15 00:20:46,643 - __main__ - INFO -   - ROC-AUC Score: 0.5417
2025-08-15 00:20:46,644 - __main__ - INFO -   - Inference Time: 0.42 seconds
2025-08-15 00:20:46,644 - __main__ - INFO -   - Test Edges: 7328
2025-08-15 00:20:46,644 - __main__ - INFO -   - Test Anomalies: 72
2025-08-15 00:20:46,832 - __main__ - INFO - Train Results (for comparison):
2025-08-15 00:20:46,839 - __main__ - INFO -   - ROC-AUC Score: 0.5768
2025-08-15 00:20:46,839 - __main__ - INFO -   - Inference Time: 0.18 seconds
2025-08-15 00:20:46,839 - __main__ - INFO - ============================================================
2025-08-15 00:20:46,839 - __main__ - INFO - PIPELINE SUMMARY
2025-08-15 00:20:46,839 - __main__ - INFO - ============================================================
2025-08-15 00:20:46,839 - __main__ - INFO - Dataset: bitcoin-alpha
2025-08-15 00:20:46,839 - __main__ - INFO - Model: GAT
2025-08-15 00:20:46,839 - __main__ - INFO - Device: cpu
2025-08-15 00:20:46,839 - __main__ - INFO - Total Edges: 24342
2025-08-15 00:20:46,840 - __main__ - INFO - Anomaly Ratio: 0.0064
2025-08-15 00:20:46,840 - __main__ - INFO - Training Time: 1.48 seconds
2025-08-15 00:20:46,840 - __main__ - INFO - Test AUC: 0.5417
2025-08-15 00:20:46,840 - __main__ - INFO - Train AUC: 0.5768
2025-08-15 00:20:46,840 - __main__ - INFO - ============================================================
2025-08-15 00:20:46,840 - __main__ - INFO - Pipeline completed successfully!